🔎 checking possible migrations..

🔎 found a 'new-frameworks' migration:
╭ Automigration detected ─────────────────────────────────────────────────────────────────────╮
│                                                                                             │
│   We've detected your project is not fully setup with the new framework format, which was   │
│   introduced in Storybook 7.                                                                │
│                                                                                             │
│   Storybook 7 introduced the concept of frameworks, which abstracts configuration for       │
│   renderers (e.g. React, Vue), builders (e.g. Webpack, Vite) and defaults to make           │
│   integrations easier.                                                                      │
│                                                                                             │
│   Your project should be updated to use Storybook's framework: @storybook/react-vite. We    │
│   can attempt to do this for you automatically.                                             │
│                                                                                             │
│   Here are the steps this migration will do to migrate your project:                        │
│   - Remove the following dependencies:                                                      │
│   - * @storybook/builder-vite                                                               │
│   - Add the following dependencies:                                                         │
│   - * @storybook/react-vite                                                                 │
│   - Remove the core.builder field in .storybook\main.cjs.                                   │
│                                                                                             │
│                                                                                             │
│   To learn more about the new framework format, see:                                        │
│   https://github.com/storybookjs/storybook/blob/next/MIGRATION.md#new-framework-api         │
│                                                                                             │
╰─────────────────────────────────────────────────────────────────────────────────────────────╯
✅ Removing dependencies: @storybook/builder-vite
✅ Installing new dependencies: @storybook/react-vite

An error occurred while installing dependencies:
NPM error ERESOLVE - Dependency resolution error.

Please check the logfile generated at ./storybook.log for troubleshooting and try again.
❌ error when running new-frameworks migration
HandledError: Error: NPM error ERESOLVE - Dependency resolution error.

Please check the logfile generated at ./storybook.log for troubleshooting and try again.
    at er.addDependencies (C:\Users\xbo4k.ZLOVE.000\Downloads\xianxia game\node_modules\@storybook\core\dist\common\index.cjs:19090:72)
    at async Object.run (C:\Users\xbo4k.ZLOVE.000\Downloads\xianxia game\node_modules\@storybook\cli\dist\bin\index.cjs:401:771)
    ... 3 lines matching cause stack trace ...
    at async Command.<anonymous> (C:\Users\xbo4k.ZLOVE.000\Downloads\xianxia game\node_modules\@storybook\cli\dist\bin\index.cjs:665:2892) {
  handled: true,
  cause: Error: NPM error ERESOLVE - Dependency resolution error.
  
  Please check the logfile generated at ./storybook.log for troubleshooting and try again.
      at er.runAddDeps (C:\Users\xbo4k.ZLOVE.000\Downloads\xianxia game\node_modules\@storybook\core\dist\common\index.cjs:19621:24)
      at async er.addDependencies (C:\Users\xbo4k.ZLOVE.000\Downloads\xianxia game\node_modules\@storybook\core\dist\common\index.cjs:19087:9)
      at async Object.run (C:\Users\xbo4k.ZLOVE.000\Downloads\xianxia game\node_modules\@storybook\cli\dist\bin\index.cjs:401:771)
      at async runFixes (C:\Users\xbo4k.ZLOVE.000\Downloads\xianxia game\node_modules\@storybook\cli\dist\bin\index.cjs:597:1801)
      at async automigrate (C:\Users\xbo4k.ZLOVE.000\Downloads\xianxia game\node_modules\@storybook\cli\dist\bin\index.cjs:595:1807)
      at async doAutomigrate (C:\Users\xbo4k.ZLOVE.000\Downloads\xianxia game\node_modules\@storybook\cli\dist\bin\index.cjs:595:453)
      at async Command.<anonymous> (C:\Users\xbo4k.ZLOVE.000\Downloads\xianxia game\node_modules\@storybook\cli\dist\bin\index.cjs:665:2892)
}

Unable to find .eslintrc config file, skipping

🔎 found a 'sb-scripts' migration:
╭ Automigration detected ─────────────────────────────────────────────────────────────────────╮
│                                                                                             │
│   We've detected you are using Storybook 8.6.14 with scripts from previous versions of      │
│   Storybook.                                                                                │
│   Starting in Storybook 7, the start-storybook and build-storybook binaries have changed    │
│   to storybook dev and storybook build respectively.                                        │
│   In order to work with Storybook 8.6.14, your storybook scripts have to be adjusted to     │
│   use the binary. We can adjust them for you:                                               │
│                                                                                             │
│   storybook                                                                                 │
│   from:                                                                                     │
│   start-storybook -p 6006                                                                   │
│   to:                                                                                       │
│   storybook dev -p 6006                                                                     │
│                                                                                             │
│   build-storybook                                                                           │
│   from:                                                                                     │
│   build-storybook                                                                           │
│   to:                                                                                       │
│   storybook build                                                                           │
│                                                                                             │
│   In case this migration did not cover all of your scripts, or you'd like more info:        │
│   https://github.com/storybookjs/storybook/blob/next/MIGRATION.md#start-storybook--build-   │
│   storybook-binaries-removed                                                                │
│                                                                                             │
╰─────────────────────────────────────────────────────────────────────────────────────────────╯
✅ Updating scripts in package.json


✅ ran sb-scripts migration

🔎 found a 'remove-argtypes-regex' migration:
╭ Manual migration detected ──────────────────────────────────────────────────────────────────╮
│                                                                                             │
│   Attention: We've detected that you're using argTypesRegex:                                │
│                                                                                             │
│   .storybook\preview.cjs                                                                    │
│   2 |                                                                                       │
│   3 | export const parameters = {                                                           │
│   > 4 |   actions: { argTypesRegex: '^on[A-Z].*' },                                         │
│   |              ^^^^^^^^^^^^^                                                              │
│   5 |   controls: { expanded: true }                                                        │
│   6 | };                                                                                    │
│   7 |                                                                                       │
│                                                                                             │
│   Storybook's play functions let you render your stories interactively.                     │
│                                                                                             │
│   In the past, play functions mocked action args implicitly by analyzing the                │
│   argTypesRegex                                                                             │
│   in your preview.js|ts file.                                                               │
│                                                                                             │
│   However, Storybook 8 changes this behavior, and we now recommend using the                │
│   (fn) function to mock your component's methods instead.                                   │
│                                                                                             │
│   Use the following command to check for implied mocked actions in your play functions:     │
│   npx storybook migrate find-implicit-spies --glob="**/*.stories.@(js|jsx|ts|tsx)"          │
│                                                                                             │
│   Then, refer to our docs to migrate your play functions to Storybook 8:                    │
│   https://storybook.js.org/docs/essentials/actions#via-storybooktest-fn-spy-function        │
│                                                                                             │
╰─────────────────────────────────────────────────────────────────────────────────────────────╯

🔎 found a 'autodocsTrue' migration:
╭ Automigration detected ─────────────────────────────────────────────────────────────────────╮
│                                                                                             │
│   We've changed the configuration of autodocs (previous docsPage), so now the value:        │
│   - docs.autodocs: true -- means automatically create docs for every CSF file               │
│   - docs.autodocs: 'tag' -- means only create autodocs for CSF files with the 'autodocs'    │
│   tag                                                                                       │
│   - docs.autodocs: false -- means never create autodocs                                     │
│                                                                                             │
│   Based on your prior configuration,  we can set the `docs.autodocs` to keep your old       │
│   behaviour:                                                                                │
│                                                                                             │
│   docs: { autodocs: true }                                                                  │
│                                                                                             │
│   More info:                                                                                │
│   https://github.com/storybookjs/storybook/blob/next/MIGRATION.md#autodocs-changes          │
│                                                                                             │
╰─────────────────────────────────────────────────────────────────────────────────────────────╯
✅ Setting 'docs.autodocs' to true in main.js
✅ ran autodocsTrue migration

🔎 found a 'visual-tests-addon' migration:
╭ Automigration detected ─────────────────────────────────────────────────────────────────────╮
│                                                                                             │
│   New to Storybook 8: Storybook's Visual Tests addon helps you catch unintentional          │
│   changes/bugs in your stories. The addon is powered by Chromatic, a cloud-based testing    │
│   tool developed by Storybook's core team.                                                  │
│                                                                                             │
│   Learn more: https://storybook.js.org/docs/writing-tests/visual-testing                    │
│                                                                                             │
│   Install Visual Tests addon in your project?                                               │
│                                                                                             │
╰─────────────────────────────────────────────────────────────────────────────────────────────╯
✅ Adding "@chromatic-com/storybook" addon
✅ ran visual-tests-addon migration

╭ Migration check ran with failures ──────────────────────────────────────────────────────────╮
│                                                                                             │
│   Successful migrations:                                                                    │
│                                                                                             │
│   sb-scripts, autodocsTrue, visual-tests-addon                                              │
│                                                                                             │
│   Failed migrations:                                                                        │
│                                                                                             │
│   new-frameworks:                                                                           │
│   Error: NPM error ERESOLVE - Dependency resolution error.                                  │
│                                                                                             │
│   Please check the logfile generated at ./storybook.log for troubleshooting and try         │
│   again.                                                                                    │
│                                                                                             │
│   You can find the full logs in C:\Users\xbo4k.ZLOVE.000\Downloads\xianxia                  │
│   game\migration-storybook.log                                                              │
│                                                                                             │
│   Manual migrations:                                                                        │
│                                                                                             │
│   remove-argtypes-regex                                                                     │
│                                                                                             │
│   ─────────────────────────────────────────────────                                         │
│                                                                                             │
│   If you'd like to run the migrations again, you can do so by running 'npx storybook        │
│   automigrate'                                                                              │
│                                                                                             │
│   The automigrations try to migrate common patterns in your project, but might not          │
│   contain everything needed to migrate to the latest version of Storybook.                  │
│                                                                                             │
│   Please check the changelog and migration guide for manual migrations and more             │
│   information: https://storybook.js.org/docs/migration-guide                                │
│   And reach out on Discord if you need help: https://discord.gg/storybook                   │
│                                                                                             │
╰─────────────────────────────────────────────────────────────────────────────────────────────╯

