npm error code ERESOLVE
npm error ERESOLVE unable to resolve dependency tree
npm error
npm error While resolving: xianxia-cultivation-game@1.0.1
npm error Found: vite@7.1.9
npm error node_modules/vite
npm error   dev vite@"^7.1.9" from the root project
npm error
npm error Could not resolve dependency:
npm error peer vite@"^4.0.0 || ^5.0.0 || ^6.0.0" from @storybook/react-vite@8.6.14
npm error node_modules/@storybook/react-vite
npm error   dev @storybook/react-vite@"8.6.14" from the root project
npm error
npm error Fix the upstream dependency conflict, or retry
npm error this command with --force or --legacy-peer-deps
npm error to accept an incorrect (and potentially broken) dependency resolution.
npm error
npm error
npm error For a full report see:
npm error C:\Users\xbo4k.ZLOVE.000\AppData\Local\npm-cache\_logs\2025-10-11T06_47_15_162Z-eresolve-report.txt
npm error A complete log of this run can be found in: C:\Users\xbo4k.ZLOVE.000\AppData\Local\npm-cache\_logs\2025-10-11T06_47_15_162Z-debug-0.log
